<?xml version="1.0" encoding="ISO-8859-1" ?>
<link_info>
   <banner>TI ARM Linker PC v20.2.5.LTS</banner>
   <copyright>Copyright (c) 1996-2018 Texas Instruments Incorporated</copyright>
   <link_time>0x61bd2c3d</link_time>
   <link_errors>0x0</link_errors>
   <output_file>LineFollowerBeta.out</output_file>
   <entry_point>
      <name>_c_int00_noargs</name>
      <address>0x182bd</address>
   </entry_point>
   <input_file_list>
      <input_file id="fl-2">
         <path>.\</path>
         <kind>object</kind>
         <file>Bump.obj</file>
         <name>Bump.obj</name>
      </input_file>
      <input_file id="fl-3">
         <path>.\</path>
         <kind>object</kind>
         <file>Clock_DL.obj</file>
         <name>Clock_DL.obj</name>
      </input_file>
      <input_file id="fl-4">
         <path>.\</path>
         <kind>object</kind>
         <file>FSM.obj</file>
         <name>FSM.obj</name>
      </input_file>
      <input_file id="fl-5">
         <path>.\</path>
         <kind>object</kind>
         <file>Motor_Skeleton.obj</file>
         <name>Motor_Skeleton.obj</name>
      </input_file>
      <input_file id="fl-6">
         <path>.\</path>
         <kind>object</kind>
         <file>Nokia5110.obj</file>
         <name>Nokia5110.obj</name>
      </input_file>
      <input_file id="fl-7">
         <path>.\</path>
         <kind>object</kind>
         <file>PWM.obj</file>
         <name>PWM.obj</name>
      </input_file>
      <input_file id="fl-8">
         <path>.\</path>
         <kind>object</kind>
         <file>Reflectance.obj</file>
         <name>Reflectance.obj</name>
      </input_file>
      <input_file id="fl-9">
         <path>.\</path>
         <kind>object</kind>
         <file>TimerA1_skeleton.obj</file>
         <name>TimerA1_skeleton.obj</name>
      </input_file>
      <input_file id="fl-a">
         <path>.\</path>
         <kind>object</kind>
         <file>adc14.obj</file>
         <name>adc14.obj</name>
      </input_file>
      <input_file id="fl-b">
         <path>.\</path>
         <kind>object</kind>
         <file>aes256.obj</file>
         <name>aes256.obj</name>
      </input_file>
      <input_file id="fl-c">
         <path>.\</path>
         <kind>object</kind>
         <file>bmi160.obj</file>
         <name>bmi160.obj</name>
      </input_file>
      <input_file id="fl-d">
         <path>.\</path>
         <kind>object</kind>
         <file>bmi160_support.obj</file>
         <name>bmi160_support.obj</name>
      </input_file>
      <input_file id="fl-e">
         <path>.\</path>
         <kind>object</kind>
         <file>comp_e.obj</file>
         <name>comp_e.obj</name>
      </input_file>
      <input_file id="fl-f">
         <path>.\</path>
         <kind>object</kind>
         <file>cpu.obj</file>
         <name>cpu.obj</name>
      </input_file>
      <input_file id="fl-10">
         <path>.\</path>
         <kind>object</kind>
         <file>crc32.obj</file>
         <name>crc32.obj</name>
      </input_file>
      <input_file id="fl-11">
         <path>.\</path>
         <kind>object</kind>
         <file>cs.obj</file>
         <name>cs.obj</name>
      </input_file>
      <input_file id="fl-12">
         <path>.\</path>
         <kind>object</kind>
         <file>demo_sysctl.obj</file>
         <name>demo_sysctl.obj</name>
      </input_file>
      <input_file id="fl-13">
         <path>.\</path>
         <kind>object</kind>
         <file>dma.obj</file>
         <name>dma.obj</name>
      </input_file>
      <input_file id="fl-14">
         <path>.\</path>
         <kind>object</kind>
         <file>flash.obj</file>
         <name>flash.obj</name>
      </input_file>
      <input_file id="fl-15">
         <path>.\</path>
         <kind>object</kind>
         <file>fpu.obj</file>
         <name>fpu.obj</name>
      </input_file>
      <input_file id="fl-16">
         <path>.\</path>
         <kind>object</kind>
         <file>gpio.obj</file>
         <name>gpio.obj</name>
      </input_file>
      <input_file id="fl-17">
         <path>.\</path>
         <kind>object</kind>
         <file>i2c.obj</file>
         <name>i2c.obj</name>
      </input_file>
      <input_file id="fl-18">
         <path>.\</path>
         <kind>object</kind>
         <file>i2c_driver.obj</file>
         <name>i2c_driver.obj</name>
      </input_file>
      <input_file id="fl-19">
         <path>.\</path>
         <kind>object</kind>
         <file>interrupt.obj</file>
         <name>interrupt.obj</name>
      </input_file>
      <input_file id="fl-1a">
         <path>.\</path>
         <kind>object</kind>
         <file>main.obj</file>
         <name>main.obj</name>
      </input_file>
      <input_file id="fl-1b">
         <path>.\</path>
         <kind>object</kind>
         <file>mpu.obj</file>
         <name>mpu.obj</name>
      </input_file>
      <input_file id="fl-1c">
         <path>.\</path>
         <kind>object</kind>
         <file>opt3001.obj</file>
         <name>opt3001.obj</name>
      </input_file>
      <input_file id="fl-1d">
         <path>.\</path>
         <kind>object</kind>
         <file>pcm.obj</file>
         <name>pcm.obj</name>
      </input_file>
      <input_file id="fl-1e">
         <path>.\</path>
         <kind>object</kind>
         <file>pmap.obj</file>
         <name>pmap.obj</name>
      </input_file>
      <input_file id="fl-1f">
         <path>.\</path>
         <kind>object</kind>
         <file>pss.obj</file>
         <name>pss.obj</name>
      </input_file>
      <input_file id="fl-20">
         <path>.\</path>
         <kind>object</kind>
         <file>ref_a.obj</file>
         <name>ref_a.obj</name>
      </input_file>
      <input_file id="fl-21">
         <path>.\</path>
         <kind>object</kind>
         <file>reset.obj</file>
         <name>reset.obj</name>
      </input_file>
      <input_file id="fl-22">
         <path>.\</path>
         <kind>object</kind>
         <file>rtc_c.obj</file>
         <name>rtc_c.obj</name>
      </input_file>
      <input_file id="fl-23">
         <path>.\</path>
         <kind>object</kind>
         <file>spi.obj</file>
         <name>spi.obj</name>
      </input_file>
      <input_file id="fl-24">
         <path>.\</path>
         <kind>object</kind>
         <file>startup_msp432p401r_ccs.obj</file>
         <name>startup_msp432p401r_ccs.obj</name>
      </input_file>
      <input_file id="fl-25">
         <path>.\</path>
         <kind>object</kind>
         <file>sysctl.obj</file>
         <name>sysctl.obj</name>
      </input_file>
      <input_file id="fl-26">
         <path>.\</path>
         <kind>object</kind>
         <file>system_msp432p401r.obj</file>
         <name>system_msp432p401r.obj</name>
      </input_file>
      <input_file id="fl-27">
         <path>.\</path>
         <kind>object</kind>
         <file>systick.obj</file>
         <name>systick.obj</name>
      </input_file>
      <input_file id="fl-28">
         <path>.\</path>
         <kind>object</kind>
         <file>timer32.obj</file>
         <name>timer32.obj</name>
      </input_file>
      <input_file id="fl-29">
         <path>.\</path>
         <kind>object</kind>
         <file>timer_a.obj</file>
         <name>timer_a.obj</name>
      </input_file>
      <input_file id="fl-2a">
         <path>.\</path>
         <kind>object</kind>
         <file>uart.obj</file>
         <name>uart.obj</name>
      </input_file>
      <input_file id="fl-2b">
         <path>.\</path>
         <kind>object</kind>
         <file>wdt_a.obj</file>
         <name>wdt_a.obj</name>
      </input_file>
      <input_file id="fl-2f">
         <kind>object</kind>
         <file>&lt;internal&gt;</file>
         <name>&lt;internal&gt;</name>
      </input_file>
      <input_file id="fl-e5">
         <path>C:\ti\ccs1040\ccs\tools\compiler\ti-cgt-arm_20.2.5.LTS\lib\</path>
         <kind>archive</kind>
         <file>rtsv7M4_T_le_v4SPD16_eabi.lib</file>
         <name>sprintf.c.obj</name>
      </input_file>
      <input_file id="fl-e6">
         <path>C:\ti\ccs1040\ccs\tools\compiler\ti-cgt-arm_20.2.5.LTS\lib\</path>
         <kind>archive</kind>
         <file>rtsv7M4_T_le_v4SPD16_eabi.lib</file>
         <name>s_exp2.c.obj</name>
      </input_file>
      <input_file id="fl-e7">
         <path>C:\ti\ccs1040\ccs\tools\compiler\ti-cgt-arm_20.2.5.LTS\lib\</path>
         <kind>archive</kind>
         <file>rtsv7M4_T_le_v4SPD16_eabi.lib</file>
         <name>fd_add_t2.asm.obj</name>
      </input_file>
      <input_file id="fl-e8">
         <path>C:\ti\ccs1040\ccs\tools\compiler\ti-cgt-arm_20.2.5.LTS\lib\</path>
         <kind>archive</kind>
         <file>rtsv7M4_T_le_v4SPD16_eabi.lib</file>
         <name>fd_cmp_t2.asm.obj</name>
      </input_file>
      <input_file id="fl-e9">
         <path>C:\ti\ccs1040\ccs\tools\compiler\ti-cgt-arm_20.2.5.LTS\lib\</path>
         <kind>archive</kind>
         <file>rtsv7M4_T_le_v4SPD16_eabi.lib</file>
         <name>fd_mul_t2.asm.obj</name>
      </input_file>
      <input_file id="fl-ea">
         <path>C:\ti\ccs1040\ccs\tools\compiler\ti-cgt-arm_20.2.5.LTS\lib\</path>
         <kind>archive</kind>
         <file>rtsv7M4_T_le_v4SPD16_eabi.lib</file>
         <name>fd_tos_t2.asm.obj</name>
      </input_file>
      <input_file id="fl-eb">
         <path>C:\ti\ccs1040\ccs\tools\compiler\ti-cgt-arm_20.2.5.LTS\lib\</path>
         <kind>archive</kind>
         <file>rtsv7M4_T_le_v4SPD16_eabi.lib</file>
         <name>memcpy_t2.asm.obj</name>
      </input_file>
      <input_file id="fl-ec">
         <path>C:\ti\ccs1040\ccs\tools\compiler\ti-cgt-arm_20.2.5.LTS\lib\</path>
         <kind>archive</kind>
         <file>rtsv7M4_T_le_v4SPD16_eabi.lib</file>
         <name>u_tofd_t2.asm.obj</name>
      </input_file>
      <input_file id="fl-ed">
         <path>C:\ti\ccs1040\ccs\tools\compiler\ti-cgt-arm_20.2.5.LTS\lib\</path>
         <kind>archive</kind>
         <file>rtsv7M4_T_le_v4SPD16_eabi.lib</file>
         <name>memset_t2.asm.obj</name>
      </input_file>
      <input_file id="fl-ee">
         <path>C:\ti\ccs1040\ccs\tools\compiler\ti-cgt-arm_20.2.5.LTS\lib\</path>
         <kind>archive</kind>
         <file>rtsv7M4_T_le_v4SPD16_eabi.lib</file>
         <name>copy_zero_init.c.obj</name>
      </input_file>
      <input_file id="fl-ef">
         <path>C:\ti\ccs1040\ccs\tools\compiler\ti-cgt-arm_20.2.5.LTS\lib\</path>
         <kind>archive</kind>
         <file>rtsv7M4_T_le_v4SPD16_eabi.lib</file>
         <name>copy_decompress_none.c.obj</name>
      </input_file>
      <input_file id="fl-f0">
         <path>C:\ti\ccs1040\ccs\tools\compiler\ti-cgt-arm_20.2.5.LTS\lib\</path>
         <kind>archive</kind>
         <file>rtsv7M4_T_le_v4SPD16_eabi.lib</file>
         <name>copy_decompress_lzss.c.obj</name>
      </input_file>
      <input_file id="fl-f1">
         <path>C:\ti\ccs1040\ccs\tools\compiler\ti-cgt-arm_20.2.5.LTS\lib\</path>
         <kind>archive</kind>
         <file>rtsv7M4_T_le_v4SPD16_eabi.lib</file>
         <name>errno.c.obj</name>
      </input_file>
      <input_file id="fl-f2">
         <path>C:\ti\ccs1040\ccs\tools\compiler\ti-cgt-arm_20.2.5.LTS\lib\</path>
         <kind>archive</kind>
         <file>rtsv7M4_T_le_v4SPD16_eabi.lib</file>
         <name>boot_cortex_m.c.obj</name>
      </input_file>
      <input_file id="fl-f3">
         <path>C:\ti\ccs1040\ccs\tools\compiler\ti-cgt-arm_20.2.5.LTS\lib\</path>
         <kind>archive</kind>
         <file>rtsv7M4_T_le_v4SPD16_eabi.lib</file>
         <name>_printfi.c.obj</name>
      </input_file>
      <input_file id="fl-f4">
         <path>C:\ti\ccs1040\ccs\tools\compiler\ti-cgt-arm_20.2.5.LTS\lib\</path>
         <kind>archive</kind>
         <file>rtsv7M4_T_le_v4SPD16_eabi.lib</file>
         <name>s_frexp.c.obj</name>
      </input_file>
      <input_file id="fl-f5">
         <path>C:\ti\ccs1040\ccs\tools\compiler\ti-cgt-arm_20.2.5.LTS\lib\</path>
         <kind>archive</kind>
         <file>rtsv7M4_T_le_v4SPD16_eabi.lib</file>
         <name>s_scalbn.c.obj</name>
      </input_file>
      <input_file id="fl-f6">
         <path>C:\ti\ccs1040\ccs\tools\compiler\ti-cgt-arm_20.2.5.LTS\lib\</path>
         <kind>archive</kind>
         <file>rtsv7M4_T_le_v4SPD16_eabi.lib</file>
         <name>wcslen.c.obj</name>
      </input_file>
      <input_file id="fl-f7">
         <path>C:\ti\ccs1040\ccs\tools\compiler\ti-cgt-arm_20.2.5.LTS\lib\</path>
         <kind>archive</kind>
         <file>rtsv7M4_T_le_v4SPD16_eabi.lib</file>
         <name>fd_div_t2.asm.obj</name>
      </input_file>
      <input_file id="fl-f8">
         <path>C:\ti\ccs1040\ccs\tools\compiler\ti-cgt-arm_20.2.5.LTS\lib\</path>
         <kind>archive</kind>
         <file>rtsv7M4_T_le_v4SPD16_eabi.lib</file>
         <name>fd_toi_t2.asm.obj</name>
      </input_file>
      <input_file id="fl-f9">
         <path>C:\ti\ccs1040\ccs\tools\compiler\ti-cgt-arm_20.2.5.LTS\lib\</path>
         <kind>archive</kind>
         <file>rtsv7M4_T_le_v4SPD16_eabi.lib</file>
         <name>i_tofd_t2.asm.obj</name>
      </input_file>
      <input_file id="fl-fa">
         <path>C:\ti\ccs1040\ccs\tools\compiler\ti-cgt-arm_20.2.5.LTS\lib\</path>
         <kind>archive</kind>
         <file>rtsv7M4_T_le_v4SPD16_eabi.lib</file>
         <name>ull_div_t2.asm.obj</name>
      </input_file>
      <input_file id="fl-fb">
         <path>C:\ti\ccs1040\ccs\tools\compiler\ti-cgt-arm_20.2.5.LTS\lib\</path>
         <kind>archive</kind>
         <file>rtsv7M4_T_le_v4SPD16_eabi.lib</file>
         <name>autoinit.c.obj</name>
      </input_file>
      <input_file id="fl-fc">
         <path>C:\ti\ccs1040\ccs\tools\compiler\ti-cgt-arm_20.2.5.LTS\lib\</path>
         <kind>archive</kind>
         <file>rtsv7M4_T_le_v4SPD16_eabi.lib</file>
         <name>pre_init.c.obj</name>
      </input_file>
      <input_file id="fl-fd">
         <path>C:\ti\ccs1040\ccs\tools\compiler\ti-cgt-arm_20.2.5.LTS\lib\</path>
         <kind>archive</kind>
         <file>rtsv7M4_T_le_v4SPD16_eabi.lib</file>
         <name>cpy_tbl.c.obj</name>
      </input_file>
      <input_file id="fl-fe">
         <path>C:\ti\ccs1040\ccs\tools\compiler\ti-cgt-arm_20.2.5.LTS\lib\</path>
         <kind>archive</kind>
         <file>rtsv7M4_T_le_v4SPD16_eabi.lib</file>
         <name>exit.c.obj</name>
      </input_file>
      <input_file id="fl-ff">
         <path>C:\ti\ccs1040\ccs\tools\compiler\ti-cgt-arm_20.2.5.LTS\lib\</path>
         <kind>archive</kind>
         <file>rtsv7M4_T_le_v4SPD16_eabi.lib</file>
         <name>_lock.c.obj</name>
      </input_file>
      <input_file id="fl-100">
         <path>C:\ti\ccs1040\ccs\tools\compiler\ti-cgt-arm_20.2.5.LTS\lib\</path>
         <kind>archive</kind>
         <file>rtsv7M4_T_le_v4SPD16_eabi.lib</file>
         <name>_ltoa.c.obj</name>
      </input_file>
      <input_file id="fl-101">
         <path>C:\ti\ccs1040\ccs\tools\compiler\ti-cgt-arm_20.2.5.LTS\lib\</path>
         <kind>archive</kind>
         <file>rtsv7M4_T_le_v4SPD16_eabi.lib</file>
         <name>args_main.c.obj</name>
      </input_file>
      <input_file id="fl-102">
         <path>C:\ti\ccs1040\ccs\tools\compiler\ti-cgt-arm_20.2.5.LTS\lib\</path>
         <kind>archive</kind>
         <file>rtsv7M4_T_le_v4SPD16_eabi.lib</file>
         <name>atoi.c.obj</name>
      </input_file>
      <input_file id="fl-103">
         <path>C:\ti\ccs1040\ccs\tools\compiler\ti-cgt-arm_20.2.5.LTS\lib\</path>
         <kind>archive</kind>
         <file>rtsv7M4_T_le_v4SPD16_eabi.lib</file>
         <name>ctype.c.obj</name>
      </input_file>
      <input_file id="fl-104">
         <path>C:\ti\ccs1040\ccs\tools\compiler\ti-cgt-arm_20.2.5.LTS\lib\</path>
         <kind>archive</kind>
         <file>rtsv7M4_T_le_v4SPD16_eabi.lib</file>
         <name>memccpy.c.obj</name>
      </input_file>
      <input_file id="fl-105">
         <path>C:\ti\ccs1040\ccs\tools\compiler\ti-cgt-arm_20.2.5.LTS\lib\</path>
         <kind>archive</kind>
         <file>rtsv7M4_T_le_v4SPD16_eabi.lib</file>
         <name>strchr.c.obj</name>
      </input_file>
      <input_file id="fl-106">
         <path>C:\ti\ccs1040\ccs\tools\compiler\ti-cgt-arm_20.2.5.LTS\lib\</path>
         <kind>archive</kind>
         <file>rtsv7M4_T_le_v4SPD16_eabi.lib</file>
         <name>strlen.c.obj</name>
      </input_file>
      <input_file id="fl-107">
         <path>C:\ti\ccs1040\ccs\tools\compiler\ti-cgt-arm_20.2.5.LTS\lib\</path>
         <kind>archive</kind>
         <file>rtsv7M4_T_le_v4SPD16_eabi.lib</file>
         <name>s_copysign.c.obj</name>
      </input_file>
      <input_file id="fl-108">
         <path>C:\ti\ccs1040\ccs\tools\compiler\ti-cgt-arm_20.2.5.LTS\lib\</path>
         <kind>archive</kind>
         <file>rtsv7M4_T_le_v4SPD16_eabi.lib</file>
         <name>div0.asm.obj</name>
      </input_file>
   </input_file_list>
   <object_component_list>
      <object_component id="oc-26">
         <name>.intvecs:retain</name>
         <load_address>0x0</load_address>
         <run_address>0x0</run_address>
         <size>0xe4</size>
         <input_file_ref idref="fl-24"/>
      </object_component>
      <object_component id="oc-ee">
         <name>.text</name>
         <load_address>0xe4</load_address>
         <run_address>0xe4</run_address>
         <size>0xd5e0</size>
         <input_file_ref idref="fl-c"/>
      </object_component>
      <object_component id="oc-dc">
         <name>.text</name>
         <load_address>0xd6c4</load_address>
         <run_address>0xd6c4</run_address>
         <size>0x1c18</size>
         <input_file_ref idref="fl-4"/>
      </object_component>
      <object_component id="oc-1b5">
         <name>.text</name>
         <load_address>0xf2dc</load_address>
         <run_address>0xf2dc</run_address>
         <size>0x15a8</size>
         <input_file_ref idref="fl-14"/>
      </object_component>
      <object_component id="oc-e2">
         <name>.text</name>
         <load_address>0x10884</load_address>
         <run_address>0x10884</run_address>
         <size>0xd1c</size>
         <input_file_ref idref="fl-d"/>
      </object_component>
      <object_component id="oc-127">
         <name>.text</name>
         <load_address>0x115a0</load_address>
         <run_address>0x115a0</run_address>
         <size>0xc5c</size>
         <input_file_ref idref="fl-11"/>
      </object_component>
      <object_component id="oc-2cc">
         <name>.text:__TI_printfi</name>
         <load_address>0x121fc</load_address>
         <run_address>0x121fc</run_address>
         <size>0xa4e</size>
         <input_file_ref idref="fl-f3"/>
      </object_component>
      <object_component id="oc-462">
         <name>.text</name>
         <load_address>0x12c4a</load_address>
         <run_address>0x12c4a</run_address>
         <size>0x2</size>
         <input_file_ref idref="fl-108"/>
      </object_component>
      <object_component id="oc-12d">
         <name>.text</name>
         <load_address>0x12c4c</load_address>
         <run_address>0x12c4c</run_address>
         <size>0x878</size>
         <input_file_ref idref="fl-17"/>
      </object_component>
      <object_component id="oc-1af">
         <name>.text</name>
         <load_address>0x134c4</load_address>
         <run_address>0x134c4</run_address>
         <size>0x834</size>
         <input_file_ref idref="fl-1d"/>
      </object_component>
      <object_component id="oc-114">
         <name>.text</name>
         <load_address>0x13cf8</load_address>
         <run_address>0x13cf8</run_address>
         <size>0x798</size>
         <input_file_ref idref="fl-29"/>
      </object_component>
      <object_component id="oc-d6">
         <name>.text</name>
         <load_address>0x14490</load_address>
         <run_address>0x14490</run_address>
         <size>0x574</size>
         <input_file_ref idref="fl-6"/>
      </object_component>
      <object_component id="oc-2b5">
         <name>.text</name>
         <load_address>0x14a04</load_address>
         <run_address>0x14a04</run_address>
         <size>0x554</size>
         <input_file_ref idref="fl-22"/>
      </object_component>
      <object_component id="oc-c4">
         <name>.text</name>
         <load_address>0x14f58</load_address>
         <run_address>0x14f58</run_address>
         <size>0x480</size>
         <input_file_ref idref="fl-16"/>
      </object_component>
      <object_component id="oc-79">
         <name>.text</name>
         <load_address>0x153d8</load_address>
         <run_address>0x153d8</run_address>
         <size>0x44c</size>
         <input_file_ref idref="fl-18"/>
      </object_component>
      <object_component id="oc-11a">
         <name>.text</name>
         <load_address>0x15824</load_address>
         <run_address>0x15824</run_address>
         <size>0x40c</size>
         <input_file_ref idref="fl-19"/>
      </object_component>
      <object_component id="oc-b7">
         <name>.text</name>
         <load_address>0x15c30</load_address>
         <run_address>0x15c30</run_address>
         <size>0x334</size>
         <input_file_ref idref="fl-26"/>
      </object_component>
      <object_component id="oc-6d">
         <name>.text</name>
         <load_address>0x15f64</load_address>
         <run_address>0x15f64</run_address>
         <size>0x288</size>
         <input_file_ref idref="fl-1a"/>
      </object_component>
      <object_component id="oc-3a5">
         <name>.text:_pconv_a</name>
         <load_address>0x161ec</load_address>
         <run_address>0x161ec</run_address>
         <size>0x270</size>
         <input_file_ref idref="fl-f3"/>
      </object_component>
      <object_component id="oc-267">
         <name>.text</name>
         <load_address>0x1645c</load_address>
         <run_address>0x1645c</run_address>
         <size>0x248</size>
         <input_file_ref idref="fl-25"/>
      </object_component>
      <object_component id="oc-be">
         <name>.text</name>
         <load_address>0x166a4</load_address>
         <run_address>0x166a4</run_address>
         <size>0x224</size>
         <input_file_ref idref="fl-8"/>
      </object_component>
      <object_component id="oc-1f5">
         <name>.text:exp2</name>
         <load_address>0x168c8</load_address>
         <run_address>0x168c8</run_address>
         <size>0x200</size>
         <input_file_ref idref="fl-e6"/>
      </object_component>
      <object_component id="oc-7f">
         <name>.text</name>
         <load_address>0x16ac8</load_address>
         <run_address>0x16ac8</run_address>
         <size>0x1d0</size>
         <input_file_ref idref="fl-2"/>
      </object_component>
      <object_component id="oc-393">
         <name>.text:_pconv_g</name>
         <load_address>0x16c98</load_address>
         <run_address>0x16c98</run_address>
         <size>0x1d0</size>
         <input_file_ref idref="fl-f3"/>
      </object_component>
      <object_component id="oc-2f6">
         <name>.text</name>
         <load_address>0x16e68</load_address>
         <run_address>0x16e68</run_address>
         <size>0x1b6</size>
         <input_file_ref idref="fl-e7"/>
      </object_component>
      <object_component id="oc-e8">
         <name>.text</name>
         <load_address>0x17020</load_address>
         <run_address>0x17020</run_address>
         <size>0x16c</size>
         <input_file_ref idref="fl-1c"/>
      </object_component>
      <object_component id="oc-39f">
         <name>.text:_pconv_e</name>
         <load_address>0x1718c</load_address>
         <run_address>0x1718c</run_address>
         <size>0x13c</size>
         <input_file_ref idref="fl-f3"/>
      </object_component>
      <object_component id="oc-3fa">
         <name>.text</name>
         <load_address>0x172c8</load_address>
         <run_address>0x172c8</run_address>
         <size>0x136</size>
         <input_file_ref idref="fl-f7"/>
      </object_component>
      <object_component id="oc-41c">
         <name>.text:fcvt</name>
         <load_address>0x17400</load_address>
         <run_address>0x17400</run_address>
         <size>0x124</size>
         <input_file_ref idref="fl-f3"/>
      </object_component>
      <object_component id="oc-430">
         <name>.text:scalbn</name>
         <load_address>0x17524</load_address>
         <run_address>0x17524</run_address>
         <size>0x110</size>
         <input_file_ref idref="fl-f5"/>
      </object_component>
      <object_component id="oc-1bc">
         <name>.text</name>
         <load_address>0x17634</load_address>
         <run_address>0x17634</run_address>
         <size>0x108</size>
         <input_file_ref idref="fl-7"/>
      </object_component>
      <object_component id="oc-d0">
         <name>.text</name>
         <load_address>0x1773c</load_address>
         <run_address>0x1773c</run_address>
         <size>0xfc</size>
         <input_file_ref idref="fl-5"/>
      </object_component>
      <object_component id="oc-1fb">
         <name>.text</name>
         <load_address>0x17838</load_address>
         <run_address>0x17838</run_address>
         <size>0xfc</size>
         <input_file_ref idref="fl-e9"/>
      </object_component>
      <object_component id="oc-2af">
         <name>.text</name>
         <load_address>0x17934</load_address>
         <run_address>0x17934</run_address>
         <size>0xd8</size>
         <input_file_ref idref="fl-2b"/>
      </object_component>
      <object_component id="oc-38d">
         <name>.text:_ltostr</name>
         <load_address>0x17a0c</load_address>
         <run_address>0x17a0c</run_address>
         <size>0xb1</size>
         <input_file_ref idref="fl-f3"/>
      </object_component>
      <object_component id="oc-ca">
         <name>.text</name>
         <load_address>0x17ac0</load_address>
         <run_address>0x17ac0</run_address>
         <size>0xac</size>
         <input_file_ref idref="fl-3"/>
      </object_component>
      <object_component id="oc-37">
         <name>.text</name>
         <load_address>0x17b6c</load_address>
         <run_address>0x17b6c</run_address>
         <size>0x9c</size>
         <input_file_ref idref="fl-eb"/>
      </object_component>
      <object_component id="oc-3f4">
         <name>.text</name>
         <load_address>0x17c08</load_address>
         <run_address>0x17c08</run_address>
         <size>0x96</size>
         <input_file_ref idref="fl-fa"/>
      </object_component>
      <object_component id="oc-300">
         <name>.text:__aeabi_cdcmple</name>
         <load_address>0x17c9e</load_address>
         <run_address>0x17c9e</run_address>
         <size>0x86</size>
         <input_file_ref idref="fl-e8"/>
      </object_component>
      <object_component id="oc-2fb">
         <name>.text:__aeabi_cdrcmple</name>
         <load_address>0x17d24</load_address>
         <run_address>0x17d24</run_address>
         <size>0x86</size>
         <input_file_ref idref="fl-e8"/>
      </object_component>
      <object_component id="oc-9f">
         <name>.text</name>
         <load_address>0x17daa</load_address>
         <run_address>0x17daa</run_address>
         <size>0x7a</size>
         <input_file_ref idref="fl-ed"/>
      </object_component>
      <object_component id="oc-415">
         <name>.text:_mcpy</name>
         <load_address>0x17e24</load_address>
         <run_address>0x17e24</run_address>
         <size>0x6e</size>
         <input_file_ref idref="fl-f3"/>
      </object_component>
      <object_component id="oc-200">
         <name>.text</name>
         <load_address>0x17e92</load_address>
         <run_address>0x17e92</run_address>
         <size>0x6e</size>
         <input_file_ref idref="fl-ea"/>
      </object_component>
      <object_component id="oc-17">
         <name>.text:decompress:lzss:__TI_decompress_lzss</name>
         <load_address>0x17f00</load_address>
         <run_address>0x17f00</run_address>
         <size>0x68</size>
         <input_file_ref idref="fl-f0"/>
      </object_component>
      <object_component id="oc-42a">
         <name>.text:frexp</name>
         <load_address>0x17f68</load_address>
         <run_address>0x17f68</run_address>
         <size>0x64</size>
         <input_file_ref idref="fl-f4"/>
      </object_component>
      <object_component id="oc-73">
         <name>.text</name>
         <load_address>0x17fcc</load_address>
         <run_address>0x17fcc</run_address>
         <size>0x60</size>
         <input_file_ref idref="fl-9"/>
      </object_component>
      <object_component id="oc-399">
         <name>.text:_pconv_f</name>
         <load_address>0x1802c</load_address>
         <run_address>0x1802c</run_address>
         <size>0x56</size>
         <input_file_ref idref="fl-f3"/>
      </object_component>
      <object_component id="oc-404">
         <name>.text:__TI_ltoa</name>
         <load_address>0x18082</load_address>
         <run_address>0x18082</run_address>
         <size>0x54</size>
         <input_file_ref idref="fl-100"/>
      </object_component>
      <object_component id="oc-40f">
         <name>.text:_ecpy</name>
         <load_address>0x180d6</load_address>
         <run_address>0x180d6</run_address>
         <size>0x52</size>
         <input_file_ref idref="fl-f3"/>
      </object_component>
      <object_component id="oc-387">
         <name>.text:atoi</name>
         <load_address>0x18128</load_address>
         <run_address>0x18128</run_address>
         <size>0x4c</size>
         <input_file_ref idref="fl-102"/>
      </object_component>
      <object_component id="oc-3ff">
         <name>.text</name>
         <load_address>0x18174</load_address>
         <run_address>0x18174</run_address>
         <size>0x48</size>
         <input_file_ref idref="fl-f8"/>
      </object_component>
      <object_component id="oc-16c">
         <name>.text:__TI_auto_init_nobinit_nopinit:__TI_auto_init_nobinit_nopinit</name>
         <load_address>0x181bc</load_address>
         <run_address>0x181bc</run_address>
         <size>0x44</size>
         <input_file_ref idref="fl-fb"/>
      </object_component>
      <object_component id="oc-1c3">
         <name>.text:sprintf</name>
         <load_address>0x18200</load_address>
         <run_address>0x18200</run_address>
         <size>0x40</size>
         <input_file_ref idref="fl-e5"/>
      </object_component>
      <object_component id="oc-422">
         <name>.text:_fcpy</name>
         <load_address>0x18240</load_address>
         <run_address>0x18240</run_address>
         <size>0x3e</size>
         <input_file_ref idref="fl-f3"/>
      </object_component>
      <object_component id="oc-23e">
         <name>.text</name>
         <load_address>0x1827e</load_address>
         <run_address>0x1827e</run_address>
         <size>0x3e</size>
         <input_file_ref idref="fl-f"/>
      </object_component>
      <object_component id="oc-55">
         <name>.text:_c_int00_noargs:_c_int00_noargs</name>
         <load_address>0x182bc</load_address>
         <run_address>0x182bc</run_address>
         <size>0x34</size>
         <input_file_ref idref="fl-f2"/>
      </object_component>
      <object_component id="oc-40a">
         <name>.text</name>
         <load_address>0x182f0</load_address>
         <run_address>0x182f0</run_address>
         <size>0x2e</size>
         <input_file_ref idref="fl-f9"/>
      </object_component>
      <object_component id="oc-1da">
         <name>.text</name>
         <load_address>0x1831e</load_address>
         <run_address>0x1831e</run_address>
         <size>0x26</size>
         <input_file_ref idref="fl-12"/>
      </object_component>
      <object_component id="oc-1f0">
         <name>.text</name>
         <load_address>0x18344</load_address>
         <run_address>0x18344</run_address>
         <size>0x20</size>
         <input_file_ref idref="fl-ec"/>
      </object_component>
      <object_component id="oc-3ab">
         <name>.text:memccpy</name>
         <load_address>0x18364</load_address>
         <run_address>0x18364</run_address>
         <size>0x1c</size>
         <input_file_ref idref="fl-104"/>
      </object_component>
      <object_component id="oc-478">
         <name>.text:copysign</name>
         <load_address>0x18380</load_address>
         <run_address>0x18380</run_address>
         <size>0x1a</size>
         <input_file_ref idref="fl-107"/>
      </object_component>
      <object_component id="oc-2d2">
         <name>.text:_outs</name>
         <load_address>0x1839a</load_address>
         <run_address>0x1839a</run_address>
         <size>0x18</size>
         <input_file_ref idref="fl-e5"/>
      </object_component>
      <object_component id="oc-436">
         <name>.text:strchr</name>
         <load_address>0x183b2</load_address>
         <run_address>0x183b2</run_address>
         <size>0x16</size>
         <input_file_ref idref="fl-105"/>
      </object_component>
      <object_component id="oc-381">
         <name>.text:strlen</name>
         <load_address>0x183c8</load_address>
         <run_address>0x183c8</run_address>
         <size>0x14</size>
         <input_file_ref idref="fl-106"/>
      </object_component>
      <object_component id="oc-3b1">
         <name>.text:wcslen</name>
         <load_address>0x183dc</load_address>
         <run_address>0x183dc</run_address>
         <size>0x12</size>
         <input_file_ref idref="fl-f6"/>
      </object_component>
      <object_component id="oc-1d">
         <name>.text:decompress:none:__TI_decompress_none</name>
         <load_address>0x183ee</load_address>
         <run_address>0x183ee</run_address>
         <size>0xe</size>
         <input_file_ref idref="fl-ef"/>
      </object_component>
      <object_component id="oc-67">
         <name>.text</name>
         <load_address>0x183fc</load_address>
         <run_address>0x183fc</run_address>
         <size>0xe</size>
         <input_file_ref idref="fl-24"/>
      </object_component>
      <object_component id="oc-49">
         <name>.text:decompress:ZI:__TI_zero_init</name>
         <load_address>0x1840a</load_address>
         <run_address>0x1840a</run_address>
         <size>0xc</size>
         <input_file_ref idref="fl-ee"/>
      </object_component>
      <object_component id="oc-2d8">
         <name>.text:_outc</name>
         <load_address>0x18416</load_address>
         <run_address>0x18416</run_address>
         <size>0xa</size>
         <input_file_ref idref="fl-e5"/>
      </object_component>
      <object_component id="oc-305">
         <name>.text:__aeabi_errno_addr</name>
         <load_address>0x18420</load_address>
         <run_address>0x18420</run_address>
         <size>0x8</size>
         <input_file_ref idref="fl-f1"/>
      </object_component>
      <object_component id="oc-2f3">
         <name>.text:SysCtlDelay</name>
         <load_address>0x18428</load_address>
         <run_address>0x18428</run_address>
         <size>0x6</size>
         <input_file_ref idref="fl-12"/>
      </object_component>
      <object_component id="oc-a5">
         <name>.text:_system_pre_init</name>
         <load_address>0x1842e</load_address>
         <run_address>0x1842e</run_address>
         <size>0x4</size>
         <input_file_ref idref="fl-fc"/>
      </object_component>
      <object_component id="oc-160">
         <name>.text:abort:abort</name>
         <load_address>0x18432</load_address>
         <run_address>0x18432</run_address>
         <size>0x4</size>
         <input_file_ref idref="fl-fe"/>
      </object_component>
      <object_component id="oc-30b">
         <name>.const:tbl</name>
         <load_address>0x18438</load_address>
         <run_address>0x18438</run_address>
         <size>0x1000</size>
         <input_file_ref idref="fl-e6"/>
      </object_component>
      <object_component id="oc-1c9">
         <name>.const:ASCII</name>
         <load_address>0x19438</load_address>
         <run_address>0x19438</run_address>
         <size>0x1e0</size>
         <input_file_ref idref="fl-6"/>
      </object_component>
      <object_component id="oc-3ef">
         <name>.const:.string:_ctypes_</name>
         <load_address>0x19618</load_address>
         <run_address>0x19618</run_address>
         <size>0x101</size>
         <input_file_ref idref="fl-103"/>
      </object_component>
      <object_component id="oc-21e">
         <name>.const:.string:INVALID_OFFSET</name>
         <load_address>0x19719</load_address>
         <run_address>0x19719</run_address>
         <size>0x3</size>
         <input_file_ref idref="fl-c"/>
      </object_component>
      <object_component id="oc-24a">
         <name>.const:g_pulRegs</name>
         <load_address>0x1971c</load_address>
         <run_address>0x1971c</run_address>
         <size>0x50</size>
         <input_file_ref idref="fl-19"/>
      </object_component>
      <object_component id="oc-1a7">
         <name>.const:GPIO_PORT_TO_BASE</name>
         <load_address>0x1976c</load_address>
         <run_address>0x1976c</run_address>
         <size>0x30</size>
         <input_file_ref idref="fl-16"/>
      </object_component>
      <object_component id="oc-247">
         <name>.const:g_pulPriority</name>
         <load_address>0x1979c</load_address>
         <run_address>0x1979c</run_address>
         <size>0x20</size>
         <input_file_ref idref="fl-19"/>
      </object_component>
      <object_component id="oc-1aa">
         <name>.const:GPIO_PORT_TO_INT</name>
         <load_address>0x197bc</load_address>
         <run_address>0x197bc</run_address>
         <size>0x1c</size>
         <input_file_ref idref="fl-16"/>
      </object_component>
      <object_component id="oc-fc">
         <name>.const:$P$T0$1</name>
         <load_address>0x197d8</load_address>
         <run_address>0x197d8</run_address>
         <size>0x18</size>
         <input_file_ref idref="fl-1a"/>
      </object_component>
      <object_component id="oc-1a2">
         <name>.const:$P$T0$1</name>
         <load_address>0x197f0</load_address>
         <run_address>0x197f0</run_address>
         <size>0x10</size>
         <input_file_ref idref="fl-8"/>
      </object_component>
      <object_component id="oc-221">
         <name>.const:yas532_version_ac_coef</name>
         <load_address>0x19800</load_address>
         <run_address>0x19800</run_address>
         <size>0xc</size>
         <input_file_ref idref="fl-c"/>
      </object_component>
      <object_component id="oc-1cf">
         <name>.const:.string:Masks</name>
         <load_address>0x1980c</load_address>
         <run_address>0x1980c</run_address>
         <size>0x8</size>
         <input_file_ref idref="fl-6"/>
      </object_component>
      <object_component id="oc-250">
         <name>.const:g_pulDisRegs</name>
         <load_address>0x19814</load_address>
         <run_address>0x19814</run_address>
         <size>0x8</size>
         <input_file_ref idref="fl-19"/>
      </object_component>
      <object_component id="oc-24d">
         <name>.const:g_pulEnRegs</name>
         <load_address>0x1981c</load_address>
         <run_address>0x1981c</run_address>
         <size>0x8</size>
         <input_file_ref idref="fl-19"/>
      </object_component>
      <object_component id="oc-253">
         <name>.const:g_pulPendRegs</name>
         <load_address>0x19824</load_address>
         <run_address>0x19824</run_address>
         <size>0x8</size>
         <input_file_ref idref="fl-19"/>
      </object_component>
      <object_component id="oc-256">
         <name>.const:g_pulUnpendRegs</name>
         <load_address>0x1982c</load_address>
         <run_address>0x1982c</run_address>
         <size>0x8</size>
         <input_file_ref idref="fl-19"/>
      </object_component>
      <object_component id="oc-225">
         <name>.const:v_calib_data$2</name>
         <load_address>0x19834</load_address>
         <run_address>0x19834</run_address>
         <size>0x8</size>
         <input_file_ref idref="fl-c"/>
      </object_component>
      <object_component id="oc-224">
         <name>.const:.string:v_correct_u8$1</name>
         <load_address>0x1983c</load_address>
         <run_address>0x1983c</run_address>
         <size>0x5</size>
         <input_file_ref idref="fl-c"/>
      </object_component>
      <object_component id="oc-4d3">
         <name>.cinit..data.load</name>
         <load_address>0x19848</load_address>
         <run_address>0x19848</run_address>
         <size>0x84</size>
      </object_component>
      <object_component id="oc-4d0">
         <name>__TI_handler_table</name>
         <load_address>0x198cc</load_address>
         <run_address>0x198cc</run_address>
         <size>0xc</size>
      </object_component>
      <object_component id="oc-4d4">
         <name>.cinit..bss.load</name>
         <load_address>0x198d8</load_address>
         <run_address>0x198d8</run_address>
         <size>0x8</size>
      </object_component>
      <object_component id="oc-4d2">
         <name>.cinit..vtable.load</name>
         <load_address>0x198e0</load_address>
         <run_address>0x198e0</run_address>
         <size>0x8</size>
      </object_component>
      <object_component id="oc-4d1">
         <name>__TI_cinit_table</name>
         <load_address>0x198e8</load_address>
         <run_address>0x198e8</run_address>
         <size>0x18</size>
      </object_component>
      <object_component id="oc-4a4">
         <name>.binit</name>
         <load_address>0x0</load_address>
         <run_address>0x0</run_address>
         <size>0x0</size>
      </object_component>
      <object_component id="oc-244">
         <name>.vtable</name>
         <uninitialized>true</uninitialized>
         <run_address>0x20000000</run_address>
         <size>0xe8</size>
         <input_file_ref idref="fl-19"/>
      </object_component>
      <object_component id="oc-2c2">
         <name>.data:upDownConfig</name>
         <load_address>0x2000124c</load_address>
         <run_address>0x2000124c</run_address>
         <size>0x18</size>
         <input_file_ref idref="fl-7"/>
      </object_component>
      <object_component id="oc-2c5">
         <name>.data:compareConfig_PWMRIGHT</name>
         <load_address>0x20001288</load_address>
         <run_address>0x20001288</run_address>
         <size>0x10</size>
         <input_file_ref idref="fl-7"/>
      </object_component>
      <object_component id="oc-2c8">
         <name>.data:compareConfig_PWMLEFT</name>
         <load_address>0x20001278</load_address>
         <run_address>0x20001278</run_address>
         <size>0x10</size>
         <input_file_ref idref="fl-7"/>
      </object_component>
      <object_component id="oc-120">
         <name>.data:configuration</name>
         <load_address>0x20001234</load_address>
         <run_address>0x20001234</run_address>
         <size>0x18</size>
         <input_file_ref idref="fl-9"/>
      </object_component>
      <object_component id="oc-212">
         <name>.data</name>
         <load_address>0x200012a4</load_address>
         <run_address>0x200012a4</run_address>
         <size>0x8</size>
         <input_file_ref idref="fl-c"/>
      </object_component>
      <object_component id="oc-20a">
         <name>.data:v_fifo_data_u8</name>
         <load_address>0x20000df4</load_address>
         <run_address>0x20000df4</run_address>
         <size>0x400</size>
         <input_file_ref idref="fl-c"/>
      </object_component>
      <object_component id="oc-2bd">
         <name>.data:__getBurstProgramRegs</name>
         <load_address>0x200011f4</load_address>
         <run_address>0x200011f4</run_address>
         <size>0x40</size>
         <input_file_ref idref="fl-14"/>
      </object_component>
      <object_component id="oc-13b">
         <name>.data</name>
         <load_address>0x200012b4</load_address>
         <run_address>0x200012b4</run_address>
         <size>0x1</size>
         <input_file_ref idref="fl-18"/>
      </object_component>
      <object_component id="oc-133">
         <name>.data:i2cConfig</name>
         <load_address>0x20001264</load_address>
         <run_address>0x20001264</run_address>
         <size>0x14</size>
         <input_file_ref idref="fl-18"/>
      </object_component>
      <object_component id="oc-f4">
         <name>.data</name>
         <load_address>0x20001298</load_address>
         <run_address>0x20001298</run_address>
         <size>0xc</size>
         <input_file_ref idref="fl-1a"/>
      </object_component>
      <object_component id="oc-19e">
         <name>.data</name>
         <load_address>0x200012b0</load_address>
         <run_address>0x200012b0</run_address>
         <size>0x4</size>
         <input_file_ref idref="fl-26"/>
      </object_component>
      <object_component id="oc-3ca">
         <name>.data</name>
         <load_address>0x200012ac</load_address>
         <run_address>0x200012ac</run_address>
         <size>0x4</size>
         <input_file_ref idref="fl-f1"/>
      </object_component>
      <object_component id="oc-207">
         <name>.bss</name>
         <uninitialized>true</uninitialized>
         <run_address>0x20000dd4</run_address>
         <size>0x4</size>
         <input_file_ref idref="fl-c"/>
      </object_component>
      <object_component id="oc-215">
         <name>.bss:mag_trim</name>
         <uninitialized>true</uninitialized>
         <run_address>0x20000da8</run_address>
         <size>0x10</size>
         <input_file_ref idref="fl-c"/>
      </object_component>
      <object_component id="oc-218">
         <name>.bss:akm_asa_data</name>
         <uninitialized>true</uninitialized>
         <run_address>0x20000dec</run_address>
         <size>0x3</size>
         <input_file_ref idref="fl-c"/>
      </object_component>
      <object_component id="oc-21b">
         <name>.bss:yas532_data</name>
         <uninitialized>true</uninitialized>
         <run_address>0x20000d24</run_address>
         <size>0x70</size>
         <input_file_ref idref="fl-c"/>
      </object_component>
      <object_component id="oc-264">
         <name>.bss</name>
         <uninitialized>true</uninitialized>
         <run_address>0x20000db8</run_address>
         <size>0x8</size>
         <input_file_ref idref="fl-11"/>
      </object_component>
      <object_component id="oc-145">
         <name>.common:BumpTask</name>
         <uninitialized>true</uninitialized>
         <run_address>0x20000dd8</run_address>
         <size>0x4</size>
      </object_component>
      <object_component id="oc-1cc">
         <name>.common:Screen</name>
         <uninitialized>true</uninitialized>
         <run_address>0x20000b2c</run_address>
         <size>0x1f8</size>
      </object_component>
      <object_component id="oc-123">
         <name>.common:TaskPointer</name>
         <uninitialized>true</uninitialized>
         <run_address>0x20000ddc</run_address>
         <size>0x4</size>
      </object_component>
      <object_component id="oc-20d">
         <name>.common:accel_fifo</name>
         <uninitialized>true</uninitialized>
         <run_address>0x200000e8</run_address>
         <size>0x36c</size>
      </object_component>
      <object_component id="oc-210">
         <name>.common:gyro_fifo</name>
         <uninitialized>true</uninitialized>
         <run_address>0x20000454</run_address>
         <size>0x36c</size>
      </object_component>
      <object_component id="oc-211">
         <name>.common:mag_fifo</name>
         <uninitialized>true</uninitialized>
         <run_address>0x200007c0</run_address>
         <size>0x36c</size>
      </object_component>
      <object_component id="oc-1d5">
         <name>.common:s_bmi160</name>
         <uninitialized>true</uninitialized>
         <run_address>0x20000d94</run_address>
         <size>0x14</size>
      </object_component>
      <object_component id="oc-1d8">
         <name>.common:gyroxyz</name>
         <uninitialized>true</uninitialized>
         <run_address>0x20000dc6</run_address>
         <size>0x6</size>
      </object_component>
      <object_component id="oc-1d9">
         <name>.common:accelxyz</name>
         <uninitialized>true</uninitialized>
         <run_address>0x20000dc0</run_address>
         <size>0x6</size>
      </object_component>
      <object_component id="oc-139">
         <name>.common:ui8Status</name>
         <uninitialized>true</uninitialized>
         <run_address>0x20000df0</run_address>
         <size>0x1</size>
      </object_component>
      <object_component id="oc-136">
         <name>.common:pData</name>
         <uninitialized>true</uninitialized>
         <run_address>0x20000de8</run_address>
         <size>0x4</size>
      </object_component>
      <object_component id="oc-13e">
         <name>.common:ui8DummyRead</name>
         <uninitialized>true</uninitialized>
         <run_address>0x20000def</run_address>
         <size>0x1</size>
      </object_component>
      <object_component id="oc-13a">
         <name>.common:g_ui32ByteCount</name>
         <uninitialized>true</uninitialized>
         <run_address>0x20000de4</run_address>
         <size>0x4</size>
      </object_component>
      <object_component id="oc-fa">
         <name>.common:s_accelXYZ</name>
         <uninitialized>true</uninitialized>
         <run_address>0x20000dcc</run_address>
         <size>0x6</size>
      </object_component>
      <object_component id="oc-fb">
         <name>.common:rawData</name>
         <uninitialized>true</uninitialized>
         <run_address>0x20000dd2</run_address>
         <size>0x2</size>
      </object_component>
      <object_component id="oc-f7">
         <name>.common:convertedLux</name>
         <uninitialized>true</uninitialized>
         <run_address>0x20000de0</run_address>
         <size>0x4</size>
      </object_component>
      <object_component id="oc-29">
         <name>.stack</name>
         <uninitialized>true</uninitialized>
         <run_address>0x2000fe00</run_address>
         <size>0x4</size>
         <input_file_ref idref="fl-f2"/>
      </object_component>
      <object_component id="oc-4d6">
         <name>.stack</name>
         <uninitialized>true</uninitialized>
         <run_address>0x2000fe00</run_address>
         <size>0x0</size>
      </object_component>
      <object_component id="oc-146">
         <name>.debug_info</name>
         <load_address>0x0</load_address>
         <run_address>0x0</run_address>
         <size>0x783</size>
         <input_file_ref idref="fl-2"/>
      </object_component>
      <object_component id="oc-83">
         <name>.debug_info</name>
         <load_address>0x783</load_address>
         <run_address>0x783</run_address>
         <size>0x713</size>
         <input_file_ref idref="fl-2"/>
      </object_component>
      <object_component id="oc-14b">
         <name>.debug_info</name>
         <load_address>0xe96</load_address>
         <run_address>0xe96</run_address>
         <size>0x26b</size>
         <input_file_ref idref="fl-2"/>
      </object_component>
      <object_component id="oc-230">
         <name>.debug_info</name>
         <load_address>0x1101</load_address>
         <run_address>0x1101</run_address>
         <size>0x1055</size>
         <input_file_ref idref="fl-2"/>
      </object_component>
      <object_component id="oc-25f">
         <name>.debug_info</name>
         <load_address>0x2156</load_address>
         <run_address>0x2156</run_address>
         <size>0x37e2</size>
         <input_file_ref idref="fl-2"/>
      </object_component>
      <object_component id="oc-27a">
         <name>.debug_info</name>
         <load_address>0x5938</load_address>
         <run_address>0x5938</run_address>
         <size>0x9a</size>
         <input_file_ref idref="fl-2"/>
      </object_component>
      <object_component id="oc-344">
         <name>.debug_info</name>
         <load_address>0x59d2</load_address>
         <run_address>0x59d2</run_address>
         <size>0x1b5</size>
         <input_file_ref idref="fl-2"/>
      </object_component>
      <object_component id="oc-370">
         <name>.debug_info</name>
         <load_address>0x5b87</load_address>
         <run_address>0x5b87</run_address>
         <size>0xc6</size>
         <input_file_ref idref="fl-2"/>
      </object_component>
      <object_component id="oc-10a">
         <name>.debug_info</name>
         <load_address>0x5c4d</load_address>
         <run_address>0x5c4d</run_address>
         <size>0x341</size>
         <input_file_ref idref="fl-2"/>
      </object_component>
      <object_component id="oc-32">
         <name>.debug_info</name>
         <load_address>0x5f8e</load_address>
         <run_address>0x5f8e</run_address>
         <size>0x84</size>
         <input_file_ref idref="fl-2"/>
      </object_component>
      <object_component id="oc-237">
         <name>.debug_info</name>
         <load_address>0x6012</load_address>
         <run_address>0x6012</run_address>
         <size>0x2a4</size>
         <input_file_ref idref="fl-2"/>
      </object_component>
      <object_component id="oc-140">
         <name>.debug_info</name>
         <load_address>0x62b6</load_address>
         <run_address>0x62b6</run_address>
         <size>0xef</size>
         <input_file_ref idref="fl-2"/>
      </object_component>
      <object_component id="oc-10f">
         <name>.debug_info</name>
         <load_address>0x63a5</load_address>
         <run_address>0x63a5</run_address>
         <size>0xbb</size>
         <input_file_ref idref="fl-2"/>
      </object_component>
      <object_component id="oc-cd">
         <name>.debug_info</name>
         <load_address>0x6460</load_address>
         <run_address>0x6460</run_address>
         <size>0x3d7</size>
         <input_file_ref idref="fl-3"/>
      </object_component>
      <object_component id="oc-105">
         <name>.debug_info</name>
         <load_address>0x6837</load_address>
         <run_address>0x6837</run_address>
         <size>0x8b</size>
         <input_file_ref idref="fl-3"/>
      </object_component>
      <object_component id="oc-1d4">
         <name>.debug_info</name>
         <load_address>0x68c2</load_address>
         <run_address>0x68c2</run_address>
         <size>0x721</size>
         <input_file_ref idref="fl-4"/>
      </object_component>
      <object_component id="oc-dd">
         <name>.debug_info</name>
         <load_address>0x6fe3</load_address>
         <run_address>0x6fe3</run_address>
         <size>0x13bd</size>
         <input_file_ref idref="fl-4"/>
      </object_component>
      <object_component id="oc-100">
         <name>.debug_info</name>
         <load_address>0x83a0</load_address>
         <run_address>0x83a0</run_address>
         <size>0xc4</size>
         <input_file_ref idref="fl-4"/>
      </object_component>
      <object_component id="oc-d1">
         <name>.debug_info</name>
         <load_address>0x8464</load_address>
         <run_address>0x8464</run_address>
         <size>0x6b8</size>
         <input_file_ref idref="fl-5"/>
      </object_component>
      <object_component id="oc-1cd">
         <name>.debug_info</name>
         <load_address>0x8b1c</load_address>
         <run_address>0x8b1c</run_address>
         <size>0x656</size>
         <input_file_ref idref="fl-6"/>
      </object_component>
      <object_component id="oc-1ca">
         <name>.debug_info</name>
         <load_address>0x9172</load_address>
         <run_address>0x9172</run_address>
         <size>0xec</size>
         <input_file_ref idref="fl-6"/>
      </object_component>
      <object_component id="oc-1d0">
         <name>.debug_info</name>
         <load_address>0x925e</load_address>
         <run_address>0x925e</run_address>
         <size>0xee</size>
         <input_file_ref idref="fl-6"/>
      </object_component>
      <object_component id="oc-d7">
         <name>.debug_info</name>
         <load_address>0x934c</load_address>
         <run_address>0x934c</run_address>
         <size>0xd38</size>
         <input_file_ref idref="fl-6"/>
      </object_component>
      <object_component id="oc-2e0">
         <name>.debug_info</name>
         <load_address>0xa084</load_address>
         <run_address>0xa084</run_address>
         <size>0x2c</size>
         <input_file_ref idref="fl-6"/>
      </object_component>
      <object_component id="oc-2c3">
         <name>.debug_info</name>
         <load_address>0xa0b0</load_address>
         <run_address>0xa0b0</run_address>
         <size>0xf5</size>
         <input_file_ref idref="fl-7"/>
      </object_component>
      <object_component id="oc-2c6">
         <name>.debug_info</name>
         <load_address>0xa1a5</load_address>
         <run_address>0xa1a5</run_address>
         <size>0x109</size>
         <input_file_ref idref="fl-7"/>
      </object_component>
      <object_component id="oc-2c9">
         <name>.debug_info</name>
         <load_address>0xa2ae</load_address>
         <run_address>0xa2ae</run_address>
         <size>0x107</size>
         <input_file_ref idref="fl-7"/>
      </object_component>
      <object_component id="oc-1bd">
         <name>.debug_info</name>
         <load_address>0xa3b5</load_address>
         <run_address>0xa3b5</run_address>
         <size>0x34b</size>
         <input_file_ref idref="fl-7"/>
      </object_component>
      <object_component id="oc-1a6">
         <name>.debug_info</name>
         <load_address>0xa700</load_address>
         <run_address>0xa700</run_address>
         <size>0x6cb</size>
         <input_file_ref idref="fl-8"/>
      </object_component>
      <object_component id="oc-1a3">
         <name>.debug_info</name>
         <load_address>0xadcb</load_address>
         <run_address>0xadcb</run_address>
         <size>0xf2</size>
         <input_file_ref idref="fl-8"/>
      </object_component>
      <object_component id="oc-bf">
         <name>.debug_info</name>
         <load_address>0xaebd</load_address>
         <run_address>0xaebd</run_address>
         <size>0x6db</size>
         <input_file_ref idref="fl-8"/>
      </object_component>
      <object_component id="oc-22b">
         <name>.debug_info</name>
         <load_address>0xb598</load_address>
         <run_address>0xb598</run_address>
         <size>0x37e2</size>
         <input_file_ref idref="fl-8"/>
      </object_component>
      <object_component id="oc-124">
         <name>.debug_info</name>
         <load_address>0xed7a</load_address>
         <run_address>0xed7a</run_address>
         <size>0x6c1</size>
         <input_file_ref idref="fl-9"/>
      </object_component>
      <object_component id="oc-121">
         <name>.debug_info</name>
         <load_address>0xf43b</load_address>
         <run_address>0xf43b</run_address>
         <size>0x104</size>
         <input_file_ref idref="fl-9"/>
      </object_component>
      <object_component id="oc-74">
         <name>.debug_info</name>
         <load_address>0xf53f</load_address>
         <run_address>0xf53f</run_address>
         <size>0x2eb</size>
         <input_file_ref idref="fl-9"/>
      </object_component>
      <object_component id="oc-20e">
         <name>.debug_info</name>
         <load_address>0xf82a</load_address>
         <run_address>0xf82a</run_address>
         <size>0x4c6</size>
         <input_file_ref idref="fl-c"/>
      </object_component>
      <object_component id="oc-21f">
         <name>.debug_info</name>
         <load_address>0xfcf0</load_address>
         <run_address>0xfcf0</run_address>
         <size>0xfc</size>
         <input_file_ref idref="fl-c"/>
      </object_component>
      <object_component id="oc-208">
         <name>.debug_info</name>
         <load_address>0xfdec</load_address>
         <run_address>0xfdec</run_address>
         <size>0xef</size>
         <input_file_ref idref="fl-c"/>
      </object_component>
      <object_component id="oc-216">
         <name>.debug_info</name>
         <load_address>0xfedb</load_address>
         <run_address>0xfedb</run_address>
         <size>0xef</size>
         <input_file_ref idref="fl-c"/>
      </object_component>
      <object_component id="oc-213">
         <name>.debug_info</name>
         <load_address>0xffca</load_address>
         <run_address>0xffca</run_address>
         <size>0x14f</size>
         <input_file_ref idref="fl-c"/>
      </object_component>
      <object_component id="oc-219">
         <name>.debug_info</name>
         <load_address>0x10119</load_address>
         <run_address>0x10119</run_address>
         <size>0xf7</size>
         <input_file_ref idref="fl-c"/>
      </object_component>
      <object_component id="oc-20b">
         <name>.debug_info</name>
         <load_address>0x10210</load_address>
         <run_address>0x10210</run_address>
         <size>0xfc</size>
         <input_file_ref idref="fl-c"/>
      </object_component>
      <object_component id="oc-222">
         <name>.debug_info</name>
         <load_address>0x1030c</load_address>
         <run_address>0x1030c</run_address>
         <size>0x10b</size>
         <input_file_ref idref="fl-c"/>
      </object_component>
      <object_component id="oc-21c">
         <name>.debug_info</name>
         <load_address>0x10417</load_address>
         <run_address>0x10417</run_address>
         <size>0xf5</size>
         <input_file_ref idref="fl-c"/>
      </object_component>
      <object_component id="oc-f2">
         <name>.debug_info</name>
         <load_address>0x1050c</load_address>
         <run_address>0x1050c</run_address>
         <size>0x1ac2a</size>
         <input_file_ref idref="fl-c"/>
      </object_component>
      <object_component id="oc-1e1">
         <name>.debug_info</name>
         <load_address>0x2b136</load_address>
         <run_address>0x2b136</run_address>
         <size>0x8f</size>
         <input_file_ref idref="fl-c"/>
      </object_component>
      <object_component id="oc-1e6">
         <name>.debug_info</name>
         <load_address>0x2b1c5</load_address>
         <run_address>0x2b1c5</run_address>
         <size>0x661</size>
         <input_file_ref idref="fl-c"/>
      </object_component>
      <object_component id="oc-1d6">
         <name>.debug_info</name>
         <load_address>0x2b826</load_address>
         <run_address>0x2b826</run_address>
         <size>0x10b8</size>
         <input_file_ref idref="fl-d"/>
      </object_component>
      <object_component id="oc-e3">
         <name>.debug_info</name>
         <load_address>0x2c8de</load_address>
         <run_address>0x2c8de</run_address>
         <size>0x1c22</size>
         <input_file_ref idref="fl-d"/>
      </object_component>
      <object_component id="oc-275">
         <name>.debug_info</name>
         <load_address>0x2e500</load_address>
         <run_address>0x2e500</run_address>
         <size>0x6c</size>
         <input_file_ref idref="fl-d"/>
      </object_component>
      <object_component id="oc-1eb">
         <name>.debug_info</name>
         <load_address>0x2e56c</load_address>
         <run_address>0x2e56c</run_address>
         <size>0x7d</size>
         <input_file_ref idref="fl-d"/>
      </object_component>
      <object_component id="oc-2ef">
         <name>.debug_info</name>
         <load_address>0x2e5e9</load_address>
         <run_address>0x2e5e9</run_address>
         <size>0x28</size>
         <input_file_ref idref="fl-d"/>
      </object_component>
      <object_component id="oc-240">
         <name>.debug_info</name>
         <load_address>0x2e611</load_address>
         <run_address>0x2e611</run_address>
         <size>0x2d1</size>
         <input_file_ref idref="fl-f"/>
      </object_component>
      <object_component id="oc-26e">
         <name>.debug_info</name>
         <load_address>0x2e8e2</load_address>
         <run_address>0x2e8e2</run_address>
         <size>0x78a</size>
         <input_file_ref idref="fl-11"/>
      </object_component>
      <object_component id="oc-265">
         <name>.debug_info</name>
         <load_address>0x2f06c</load_address>
         <run_address>0x2f06c</run_address>
         <size>0x10b</size>
         <input_file_ref idref="fl-11"/>
      </object_component>
      <object_component id="oc-129">
         <name>.debug_info</name>
         <load_address>0x2f177</load_address>
         <run_address>0x2f177</run_address>
         <size>0x1cfd</size>
         <input_file_ref idref="fl-11"/>
      </object_component>
      <object_component id="oc-1db">
         <name>.debug_info</name>
         <load_address>0x30e74</load_address>
         <run_address>0x30e74</run_address>
         <size>0x185</size>
         <input_file_ref idref="fl-12"/>
      </object_component>
      <object_component id="oc-2c1">
         <name>.debug_info</name>
         <load_address>0x30ff9</load_address>
         <run_address>0x30ff9</run_address>
         <size>0x7a8</size>
         <input_file_ref idref="fl-14"/>
      </object_component>
      <object_component id="oc-2be">
         <name>.debug_info</name>
         <load_address>0x317a1</load_address>
         <run_address>0x317a1</run_address>
         <size>0x108</size>
         <input_file_ref idref="fl-14"/>
      </object_component>
      <object_component id="oc-1b6">
         <name>.debug_info</name>
         <load_address>0x318a9</load_address>
         <run_address>0x318a9</run_address>
         <size>0x368c</size>
         <input_file_ref idref="fl-14"/>
      </object_component>
      <object_component id="oc-1ae">
         <name>.debug_info</name>
         <load_address>0x34f35</load_address>
         <run_address>0x34f35</run_address>
         <size>0x693</size>
         <input_file_ref idref="fl-16"/>
      </object_component>
      <object_component id="oc-1ab">
         <name>.debug_info</name>
         <load_address>0x355c8</load_address>
         <run_address>0x355c8</run_address>
         <size>0xfd</size>
         <input_file_ref idref="fl-16"/>
      </object_component>
      <object_component id="oc-1a8">
         <name>.debug_info</name>
         <load_address>0x356c5</load_address>
         <run_address>0x356c5</run_address>
         <size>0xff</size>
         <input_file_ref idref="fl-16"/>
      </object_component>
      <object_component id="oc-c5">
         <name>.debug_info</name>
         <load_address>0x357c4</load_address>
         <run_address>0x357c4</run_address>
         <size>0x16b3</size>
         <input_file_ref idref="fl-16"/>
      </object_component>
      <object_component id="oc-270">
         <name>.debug_info</name>
         <load_address>0x36e77</load_address>
         <run_address>0x36e77</run_address>
         <size>0x682</size>
         <input_file_ref idref="fl-17"/>
      </object_component>
      <object_component id="oc-12e">
         <name>.debug_info</name>
         <load_address>0x374f9</load_address>
         <run_address>0x374f9</run_address>
         <size>0x2769</size>
         <input_file_ref idref="fl-17"/>
      </object_component>
      <object_component id="oc-137">
         <name>.debug_info</name>
         <load_address>0x39c62</load_address>
         <run_address>0x39c62</run_address>
         <size>0x6e2</size>
         <input_file_ref idref="fl-18"/>
      </object_component>
      <object_component id="oc-13c">
         <name>.debug_info</name>
         <load_address>0x3a344</load_address>
         <run_address>0x3a344</run_address>
         <size>0xf6</size>
         <input_file_ref idref="fl-18"/>
      </object_component>
      <object_component id="oc-134">
         <name>.debug_info</name>
         <load_address>0x3a43a</load_address>
         <run_address>0x3a43a</run_address>
         <size>0xf6</size>
         <input_file_ref idref="fl-18"/>
      </object_component>
      <object_component id="oc-7a">
         <name>.debug_info</name>
         <load_address>0x3a530</load_address>
         <run_address>0x3a530</run_address>
         <size>0x6cb</size>
         <input_file_ref idref="fl-18"/>
      </object_component>
      <object_component id="oc-25a">
         <name>.debug_info</name>
         <load_address>0x3abfb</load_address>
         <run_address>0x3abfb</run_address>
         <size>0x621</size>
         <input_file_ref idref="fl-19"/>
      </object_component>
      <object_component id="oc-248">
         <name>.debug_info</name>
         <load_address>0x3b21c</load_address>
         <run_address>0x3b21c</run_address>
         <size>0xfc</size>
         <input_file_ref idref="fl-19"/>
      </object_component>
      <object_component id="oc-24b">
         <name>.debug_info</name>
         <load_address>0x3b318</load_address>
         <run_address>0x3b318</run_address>
         <size>0xf4</size>
         <input_file_ref idref="fl-19"/>
      </object_component>
      <object_component id="oc-24e">
         <name>.debug_info</name>
         <load_address>0x3b40c</load_address>
         <run_address>0x3b40c</run_address>
         <size>0xf8</size>
         <input_file_ref idref="fl-19"/>
      </object_component>
      <object_component id="oc-251">
         <name>.debug_info</name>
         <load_address>0x3b504</load_address>
         <run_address>0x3b504</run_address>
         <size>0xfa</size>
         <input_file_ref idref="fl-19"/>
      </object_component>
      <object_component id="oc-254">
         <name>.debug_info</name>
         <load_address>0x3b5fe</load_address>
         <run_address>0x3b5fe</run_address>
         <size>0xfc</size>
         <input_file_ref idref="fl-19"/>
      </object_component>
      <object_component id="oc-257">
         <name>.debug_info</name>
         <load_address>0x3b6fa</load_address>
         <run_address>0x3b6fa</run_address>
         <size>0x100</size>
         <input_file_ref idref="fl-19"/>
      </object_component>
      <object_component id="oc-245">
         <name>.debug_info</name>
         <load_address>0x3b7fa</load_address>
         <run_address>0x3b7fa</run_address>
         <size>0x101</size>
         <input_file_ref idref="fl-19"/>
      </object_component>
      <object_component id="oc-11b">
         <name>.debug_info</name>
         <load_address>0x3b8fb</load_address>
         <run_address>0x3b8fb</run_address>
         <size>0xea2</size>
         <input_file_ref idref="fl-19"/>
      </object_component>
      <object_component id="oc-f8">
         <name>.debug_info</name>
         <load_address>0x3c79d</load_address>
         <run_address>0x3c79d</run_address>
         <size>0xbbb</size>
         <input_file_ref idref="fl-1a"/>
      </object_component>
      <object_component id="oc-f5">
         <name>.debug_info</name>
         <load_address>0x3d358</load_address>
         <run_address>0x3d358</run_address>
         <size>0x158</size>
         <input_file_ref idref="fl-1a"/>
      </object_component>
      <object_component id="oc-fd">
         <name>.debug_info</name>
         <load_address>0x3d4b0</load_address>
         <run_address>0x3d4b0</run_address>
         <size>0xeb</size>
         <input_file_ref idref="fl-1a"/>
      </object_component>
      <object_component id="oc-6e">
         <name>.debug_info</name>
         <load_address>0x3d59b</load_address>
         <run_address>0x3d59b</run_address>
         <size>0x73e</size>
         <input_file_ref idref="fl-1a"/>
      </object_component>
      <object_component id="oc-206">
         <name>.debug_info</name>
         <load_address>0x3dcd9</load_address>
         <run_address>0x3dcd9</run_address>
         <size>0x5ec</size>
         <input_file_ref idref="fl-1c"/>
      </object_component>
      <object_component id="oc-e9">
         <name>.debug_info</name>
         <load_address>0x3e2c5</load_address>
         <run_address>0x3e2c5</run_address>
         <size>0x4ab</size>
         <input_file_ref idref="fl-1c"/>
      </object_component>
      <object_component id="oc-2bc">
         <name>.debug_info</name>
         <load_address>0x3e770</load_address>
         <run_address>0x3e770</run_address>
         <size>0x745</size>
         <input_file_ref idref="fl-1d"/>
      </object_component>
      <object_component id="oc-1b0">
         <name>.debug_info</name>
         <load_address>0x3eeb5</load_address>
         <run_address>0x3eeb5</run_address>
         <size>0x1e7d</size>
         <input_file_ref idref="fl-1d"/>
      </object_component>
      <object_component id="oc-36f">
         <name>.debug_info</name>
         <load_address>0x40d32</load_address>
         <run_address>0x40d32</run_address>
         <size>0x67e</size>
         <input_file_ref idref="fl-22"/>
      </object_component>
      <object_component id="oc-2b8">
         <name>.debug_info</name>
         <load_address>0x413b0</load_address>
         <run_address>0x413b0</run_address>
         <size>0x1121</size>
         <input_file_ref idref="fl-22"/>
      </object_component>
      <object_component id="oc-87">
         <name>.debug_info</name>
         <load_address>0x424d1</load_address>
         <run_address>0x424d1</run_address>
         <size>0x2e5</size>
         <input_file_ref idref="fl-24"/>
      </object_component>
      <object_component id="oc-27">
         <name>.debug_info</name>
         <load_address>0x427b6</load_address>
         <run_address>0x427b6</run_address>
         <size>0x111</size>
         <input_file_ref idref="fl-24"/>
      </object_component>
      <object_component id="oc-68">
         <name>.debug_info</name>
         <load_address>0x428c7</load_address>
         <run_address>0x428c7</run_address>
         <size>0x1d8</size>
         <input_file_ref idref="fl-24"/>
      </object_component>
      <object_component id="oc-341">
         <name>.debug_info</name>
         <load_address>0x42a9f</load_address>
         <run_address>0x42a9f</run_address>
         <size>0x559</size>
         <input_file_ref idref="fl-25"/>
      </object_component>
      <object_component id="oc-269">
         <name>.debug_info</name>
         <load_address>0x42ff8</load_address>
         <run_address>0x42ff8</run_address>
         <size>0xbb1</size>
         <input_file_ref idref="fl-25"/>
      </object_component>
      <object_component id="oc-19f">
         <name>.debug_info</name>
         <load_address>0x43ba9</load_address>
         <run_address>0x43ba9</run_address>
         <size>0x10a</size>
         <input_file_ref idref="fl-26"/>
      </object_component>
      <object_component id="oc-b8">
         <name>.debug_info</name>
         <load_address>0x43cb3</load_address>
         <run_address>0x43cb3</run_address>
         <size>0x27c</size>
         <input_file_ref idref="fl-26"/>
      </object_component>
      <object_component id="oc-23d">
         <name>.debug_info</name>
         <load_address>0x43f2f</load_address>
         <run_address>0x43f2f</run_address>
         <size>0x6b7</size>
         <input_file_ref idref="fl-29"/>
      </object_component>
      <object_component id="oc-115">
         <name>.debug_info</name>
         <load_address>0x445e6</load_address>
         <run_address>0x445e6</run_address>
         <size>0x2011</size>
         <input_file_ref idref="fl-29"/>
      </object_component>
      <object_component id="oc-36d">
         <name>.debug_info</name>
         <load_address>0x465f7</load_address>
         <run_address>0x465f7</run_address>
         <size>0x721</size>
         <input_file_ref idref="fl-2b"/>
      </object_component>
      <object_component id="oc-2b2">
         <name>.debug_info</name>
         <load_address>0x46d18</load_address>
         <run_address>0x46d18</run_address>
         <size>0x739</size>
         <input_file_ref idref="fl-2b"/>
      </object_component>
      <object_component id="oc-2df">
         <name>.debug_info</name>
         <load_address>0x47451</load_address>
         <run_address>0x47451</run_address>
         <size>0x333</size>
         <input_file_ref idref="fl-e5"/>
      </object_component>
      <object_component id="oc-1c4">
         <name>.debug_info</name>
         <load_address>0x47784</load_address>
         <run_address>0x47784</run_address>
         <size>0x1d1</size>
         <input_file_ref idref="fl-e5"/>
      </object_component>
      <object_component id="oc-2d5">
         <name>.debug_info</name>
         <load_address>0x47955</load_address>
         <run_address>0x47955</run_address>
         <size>0x18d</size>
         <input_file_ref idref="fl-e5"/>
      </object_component>
      <object_component id="oc-2da">
         <name>.debug_info</name>
         <load_address>0x47ae2</load_address>
         <run_address>0x47ae2</run_address>
         <size>0x16d</size>
         <input_file_ref idref="fl-e5"/>
      </object_component>
      <object_component id="oc-448">
         <name>.debug_info</name>
         <load_address>0x47c4f</load_address>
         <run_address>0x47c4f</run_address>
         <size>0x2c</size>
         <input_file_ref idref="fl-e5"/>
      </object_component>
      <object_component id="oc-30f">
         <name>.debug_info</name>
         <load_address>0x47c7b</load_address>
         <run_address>0x47c7b</run_address>
         <size>0x2d5</size>
         <input_file_ref idref="fl-e6"/>
      </object_component>
      <object_component id="oc-30c">
         <name>.debug_info</name>
         <load_address>0x47f50</load_address>
         <run_address>0x47f50</run_address>
         <size>0xfb</size>
         <input_file_ref idref="fl-e6"/>
      </object_component>
      <object_component id="oc-1f6">
         <name>.debug_info</name>
         <load_address>0x4804b</load_address>
         <run_address>0x4804b</run_address>
         <size>0x34e</size>
         <input_file_ref idref="fl-e6"/>
      </object_component>
      <object_component id="oc-3d3">
         <name>.debug_info</name>
         <load_address>0x48399</load_address>
         <run_address>0x48399</run_address>
         <size>0x46</size>
         <input_file_ref idref="fl-e6"/>
      </object_component>
      <object_component id="oc-310">
         <name>.debug_info</name>
         <load_address>0x483df</load_address>
         <run_address>0x483df</run_address>
         <size>0x39</size>
         <input_file_ref idref="fl-e6"/>
      </object_component>
      <object_component id="oc-2f8">
         <name>.debug_info</name>
         <load_address>0x48418</load_address>
         <run_address>0x48418</run_address>
         <size>0x14c</size>
         <input_file_ref idref="fl-e7"/>
      </object_component>
      <object_component id="oc-303">
         <name>.debug_info</name>
         <load_address>0x48564</load_address>
         <run_address>0x48564</run_address>
         <size>0x128</size>
         <input_file_ref idref="fl-e8"/>
      </object_component>
      <object_component id="oc-2fd">
         <name>.debug_info</name>
         <load_address>0x4868c</load_address>
         <run_address>0x4868c</run_address>
         <size>0x12a</size>
         <input_file_ref idref="fl-e8"/>
      </object_component>
      <object_component id="oc-1fc">
         <name>.debug_info</name>
         <load_address>0x487b6</load_address>
         <run_address>0x487b6</run_address>
         <size>0x13a</size>
         <input_file_ref idref="fl-e9"/>
      </object_component>
      <object_component id="oc-202">
         <name>.debug_info</name>
         <load_address>0x488f0</load_address>
         <run_address>0x488f0</run_address>
         <size>0x13e</size>
         <input_file_ref idref="fl-ea"/>
      </object_component>
      <object_component id="oc-3a">
         <name>.debug_info</name>
         <load_address>0x48a2e</load_address>
         <run_address>0x48a2e</run_address>
         <size>0x119</size>
         <input_file_ref idref="fl-eb"/>
      </object_component>
      <object_component id="oc-1f1">
         <name>.debug_info</name>
         <load_address>0x48b47</load_address>
         <run_address>0x48b47</run_address>
         <size>0x12e</size>
[...]
         <value>0x142f5</value>
         <object_component_ref idref="oc-114"/>
      </symbol>
      <symbol id="sm-1449">
         <name>Timer_A_initCompare</name>
         <value>0x13f91</value>
         <object_component_ref idref="oc-114"/>
      </symbol>
      <symbol id="sm-144a">
         <name>Timer_A_generatePWM</name>
         <value>0x140f7</value>
         <object_component_ref idref="oc-114"/>
      </symbol>
      <symbol id="sm-144b">
         <name>Timer_A_startCounter</name>
         <value>0x13e3d</value>
         <object_component_ref idref="oc-114"/>
      </symbol>
      <symbol id="sm-144c">
         <name>Timer_A_initCapture</name>
         <value>0x13f3f</value>
         <object_component_ref idref="oc-114"/>
      </symbol>
      <symbol id="sm-144d">
         <name>Timer_A_getCaptureCompareCount</name>
         <value>0x1409d</value>
         <object_component_ref idref="oc-114"/>
      </symbol>
      <symbol id="sm-144e">
         <name>Timer_A_disableCaptureCompareInterrupt</name>
         <value>0x14251</value>
         <object_component_ref idref="oc-114"/>
      </symbol>
      <symbol id="sm-144f">
         <name>Timer_A_stopTimer</name>
         <value>0x1416d</value>
         <object_component_ref idref="oc-114"/>
      </symbol>
      <symbol id="sm-1450">
         <name>Timer_A_getCaptureCompareInterruptStatus</name>
         <value>0x14279</value>
         <object_component_ref idref="oc-114"/>
      </symbol>
      <symbol id="sm-1451">
         <name>Timer_A_clearTimer</name>
         <value>0x1402b</value>
         <object_component_ref idref="oc-114"/>
      </symbol>
      <symbol id="sm-1452">
         <name>Timer_A_clearInterruptFlag</name>
         <value>0x141ad</value>
         <object_component_ref idref="oc-114"/>
      </symbol>
      <symbol id="sm-1453">
         <name>Timer_A_configureUpDownMode</name>
         <value>0x13ee1</value>
         <object_component_ref idref="oc-114"/>
      </symbol>
      <symbol id="sm-1454">
         <name>Timer_A_getSynchronizedCaptureCompareInput</name>
         <value>0x1403f</value>
         <object_component_ref idref="oc-114"/>
      </symbol>
      <symbol id="sm-1455">
         <name>Timer_A_configureUpMode</name>
         <value>0x13e83</value>
         <object_component_ref idref="oc-114"/>
      </symbol>
      <symbol id="sm-1456">
         <name>Timer_A_getEnabledInterruptStatus</name>
         <value>0x142a1</value>
         <object_component_ref idref="oc-114"/>
      </symbol>
      <symbol id="sm-1457">
         <name>Timer_A_disableInterrupt</name>
         <value>0x141ff</value>
         <object_component_ref idref="oc-114"/>
      </symbol>
      <symbol id="sm-1458">
         <name>Timer_A_configureContinuousMode</name>
         <value>0x13e53</value>
         <object_component_ref idref="oc-114"/>
      </symbol>
      <symbol id="sm-1459">
         <name>Timer_A_getCaptureCompareEnabledInterruptStatus</name>
         <value>0x142b9</value>
         <object_component_ref idref="oc-114"/>
      </symbol>
      <symbol id="sm-145a">
         <name>Timer_A_getInterruptStatus</name>
         <value>0x14213</value>
         <object_component_ref idref="oc-114"/>
      </symbol>
      <symbol id="sm-145b">
         <name>Timer_A_enableInterrupt</name>
         <value>0x141eb</value>
         <object_component_ref idref="oc-114"/>
      </symbol>
      <symbol id="sm-145c">
         <name>Timer_A_unregisterInterrupt</name>
         <value>0x143c7</value>
         <object_component_ref idref="oc-114"/>
      </symbol>
      <symbol id="sm-1474">
         <name>WDT_A_setTimeoutReset</name>
         <value>0x179d9</value>
         <object_component_ref idref="oc-2af"/>
      </symbol>
      <symbol id="sm-1475">
         <name>WDT_A_registerInterrupt</name>
         <value>0x179e5</value>
         <object_component_ref idref="oc-2af"/>
      </symbol>
      <symbol id="sm-1476">
         <name>WDT_A_setPasswordViolationReset</name>
         <value>0x179cd</value>
         <object_component_ref idref="oc-2af"/>
      </symbol>
      <symbol id="sm-1477">
         <name>WDT_A_initIntervalTimer</name>
         <value>0x179b1</value>
         <object_component_ref idref="oc-2af"/>
      </symbol>
      <symbol id="sm-1478">
         <name>WDT_A_clearTimer</name>
         <value>0x17975</value>
         <object_component_ref idref="oc-2af"/>
      </symbol>
      <symbol id="sm-1479">
         <name>WDT_A_holdTimer</name>
         <value>0x17935</value>
         <object_component_ref idref="oc-2af"/>
      </symbol>
      <symbol id="sm-147a">
         <name>WDT_A_initWatchdogTimer</name>
         <value>0x17995</value>
         <object_component_ref idref="oc-2af"/>
      </symbol>
      <symbol id="sm-147b">
         <name>WDT_A_startTimer</name>
         <value>0x17955</value>
         <object_component_ref idref="oc-2af"/>
      </symbol>
      <symbol id="sm-147c">
         <name>WDT_A_unregisterInterrupt</name>
         <value>0x179f9</value>
         <object_component_ref idref="oc-2af"/>
      </symbol>
      <symbol id="sm-14a3">
         <name>sprintf</name>
         <value>0x18201</value>
         <object_component_ref idref="oc-1c3"/>
      </symbol>
      <symbol id="sm-14e5">
         <name>exp2l</name>
         <value>0x168c9</value>
         <object_component_ref idref="oc-1f5"/>
      </symbol>
      <symbol id="sm-14e6">
         <name>exp2</name>
         <value>0x168c9</value>
         <object_component_ref idref="oc-1f5"/>
      </symbol>
      <symbol id="sm-14fd">
         <name>__aeabi_dsub</name>
         <value>0x16e69</value>
         <object_component_ref idref="oc-2f6"/>
      </symbol>
      <symbol id="sm-14fe">
         <name>__aeabi_dadd</name>
         <value>0x16e73</value>
         <object_component_ref idref="oc-2f6"/>
      </symbol>
      <symbol id="sm-1520">
         <name>__aeabi_cdcmpeq</name>
         <value>0x17c9f</value>
         <object_component_ref idref="oc-300"/>
      </symbol>
      <symbol id="sm-1521">
         <name>__aeabi_cdcmple</name>
         <value>0x17c9f</value>
         <object_component_ref idref="oc-300"/>
      </symbol>
      <symbol id="sm-1522">
         <name>__aeabi_cdrcmple</name>
         <value>0x17d25</value>
         <object_component_ref idref="oc-2fb"/>
      </symbol>
      <symbol id="sm-152d">
         <name>__aeabi_dmul</name>
         <value>0x17839</value>
         <object_component_ref idref="oc-1fb"/>
      </symbol>
      <symbol id="sm-1539">
         <name>__aeabi_d2f</name>
         <value>0x17e93</value>
         <object_component_ref idref="oc-200"/>
      </symbol>
      <symbol id="sm-1554">
         <name>memcpy</name>
         <value>0x17b6d</value>
         <object_component_ref idref="oc-37"/>
      </symbol>
      <symbol id="sm-1555">
         <name>__aeabi_memcpy</name>
         <value>0x17b6d</value>
         <object_component_ref idref="oc-37"/>
      </symbol>
      <symbol id="sm-1556">
         <name>__aeabi_memcpy8</name>
         <value>0x17b6d</value>
         <object_component_ref idref="oc-37"/>
      </symbol>
      <symbol id="sm-1557">
         <name>__aeabi_memcpy4</name>
         <value>0x17b6d</value>
         <object_component_ref idref="oc-37"/>
      </symbol>
      <symbol id="sm-1561">
         <name>__aeabi_ui2d</name>
         <value>0x18345</value>
         <object_component_ref idref="oc-1f0"/>
      </symbol>
      <symbol id="sm-1570">
         <name>__aeabi_memset</name>
         <value>0x17dad</value>
         <object_component_ref idref="oc-9f"/>
      </symbol>
      <symbol id="sm-1571">
         <name>memset</name>
         <value>0x17db3</value>
         <object_component_ref idref="oc-9f"/>
      </symbol>
      <symbol id="sm-1572">
         <name>__aeabi_memset8</name>
         <value>0x17dad</value>
         <object_component_ref idref="oc-9f"/>
      </symbol>
      <symbol id="sm-1573">
         <name>__aeabi_memset4</name>
         <value>0x17dad</value>
         <object_component_ref idref="oc-9f"/>
      </symbol>
      <symbol id="sm-1574">
         <name>__aeabi_memclr8</name>
         <value>0x17dab</value>
         <object_component_ref idref="oc-9f"/>
      </symbol>
      <symbol id="sm-1575">
         <name>__aeabi_memclr4</name>
         <value>0x17dab</value>
         <object_component_ref idref="oc-9f"/>
      </symbol>
      <symbol id="sm-1576">
         <name>__aeabi_memclr</name>
         <value>0x17dab</value>
         <object_component_ref idref="oc-9f"/>
      </symbol>
      <symbol id="sm-158d">
         <name>__TI_zero_init</name>
         <value>0x1840b</value>
         <object_component_ref idref="oc-49"/>
      </symbol>
      <symbol id="sm-15a4">
         <name>__TI_decompress_none</name>
         <value>0x183ef</value>
         <object_component_ref idref="oc-1d"/>
      </symbol>
      <symbol id="sm-15c7">
         <name>__TI_decompress_lzss</name>
         <value>0x17f01</value>
         <object_component_ref idref="oc-17"/>
      </symbol>
      <symbol id="sm-15dd">
         <name>__aeabi_errno_addr</name>
         <value>0x18421</value>
         <object_component_ref idref="oc-305"/>
      </symbol>
      <symbol id="sm-15de">
         <name>errno</name>
         <value>0x200012ac</value>
         <object_component_ref idref="oc-3ca"/>
      </symbol>
      <symbol id="sm-15f1">
         <name>__stack</name>
         <value>0x2000fe00</value>
         <object_component_ref idref="oc-29"/>
      </symbol>
      <symbol id="sm-15f2">
         <name>_c_int00_noargs</name>
         <value>0x182bd</value>
         <object_component_ref idref="oc-55"/>
      </symbol>
      <symbol id="sm-1757">
         <name>__TI_printfi</name>
         <value>0x121fd</value>
         <object_component_ref idref="oc-2cc"/>
      </symbol>
      <symbol id="sm-1777">
         <name>frexpl</name>
         <value>0x17f69</value>
         <object_component_ref idref="oc-42a"/>
      </symbol>
      <symbol id="sm-1778">
         <name>frexp</name>
         <value>0x17f69</value>
         <object_component_ref idref="oc-42a"/>
      </symbol>
      <symbol id="sm-1795">
         <name>scalbn</name>
         <value>0x17525</value>
         <object_component_ref idref="oc-430"/>
      </symbol>
      <symbol id="sm-1796">
         <name>scalbnl</name>
         <value>0x17525</value>
         <object_component_ref idref="oc-430"/>
      </symbol>
      <symbol id="sm-1797">
         <name>ldexpl</name>
         <value>0x17525</value>
         <object_component_ref idref="oc-430"/>
      </symbol>
      <symbol id="sm-1798">
         <name>ldexp</name>
         <value>0x17525</value>
         <object_component_ref idref="oc-430"/>
      </symbol>
      <symbol id="sm-17b1">
         <name>wcslen</name>
         <value>0x183dd</value>
         <object_component_ref idref="oc-3b1"/>
      </symbol>
      <symbol id="sm-17c5">
         <name>__aeabi_ddiv</name>
         <value>0x172c9</value>
         <object_component_ref idref="oc-3fa"/>
      </symbol>
      <symbol id="sm-17cf">
         <name>__aeabi_d2iz</name>
         <value>0x18175</value>
         <object_component_ref idref="oc-3ff"/>
      </symbol>
      <symbol id="sm-17d9">
         <name>__aeabi_i2d</name>
         <value>0x182f1</value>
         <object_component_ref idref="oc-40a"/>
      </symbol>
      <symbol id="sm-17e6">
         <name>__aeabi_uldivmod</name>
         <value>0x17c09</value>
         <object_component_ref idref="oc-3f4"/>
      </symbol>
      <symbol id="sm-180e">
         <name>__TI_auto_init_nobinit_nopinit</name>
         <value>0x181bd</value>
         <object_component_ref idref="oc-16c"/>
      </symbol>
      <symbol id="sm-1818">
         <name>_system_pre_init</name>
         <value>0x1842f</value>
         <object_component_ref idref="oc-a5"/>
      </symbol>
      <symbol id="sm-1824">
         <name>C$$EXIT</name>
         <value>0x18433</value>
         <object_component_ref idref="oc-160"/>
      </symbol>
      <symbol id="sm-1825">
         <name>abort</name>
         <value>0x18433</value>
         <object_component_ref idref="oc-160"/>
      </symbol>
      <symbol id="sm-1835">
         <name>__TI_ltoa</name>
         <value>0x18083</value>
         <object_component_ref idref="oc-404"/>
      </symbol>
      <symbol id="sm-184c">
         <name>atoi</name>
         <value>0x18129</value>
         <object_component_ref idref="oc-387"/>
      </symbol>
      <symbol id="sm-1857">
         <name>_ctypes_</name>
         <value>0x19618</value>
         <object_component_ref idref="oc-3ef"/>
      </symbol>
      <symbol id="sm-1867">
         <name>memccpy</name>
         <value>0x18365</value>
         <object_component_ref idref="oc-3ab"/>
      </symbol>
      <symbol id="sm-1877">
         <name>strchr</name>
         <value>0x183b3</value>
         <object_component_ref idref="oc-436"/>
      </symbol>
      <symbol id="sm-1885">
         <name>strlen</name>
         <value>0x183c9</value>
         <object_component_ref idref="oc-381"/>
      </symbol>
      <symbol id="sm-188f">
         <name>copysign</name>
         <value>0x18381</value>
         <object_component_ref idref="oc-478"/>
      </symbol>
      <symbol id="sm-1890">
         <name>copysignl</name>
         <value>0x18381</value>
         <object_component_ref idref="oc-478"/>
      </symbol>
      <symbol id="sm-189a">
         <name>__aeabi_idiv0</name>
         <value>0x12c4b</value>
         <object_component_ref idref="oc-462"/>
      </symbol>
      <symbol id="sm-189b">
         <name>__aeabi_ldiv0</name>
         <value>0x12c4b</value>
         <object_component_ref idref="oc-462"/>
      </symbol>
      <symbol id="sm-189c">
         <name>__TI_static_base__</name>
         <value>0x0</value>
      </symbol>
      <symbol id="sm-189f">
         <name>__mpu_init</name>
         <value>0x0</value>
      </symbol>
      <symbol id="sm-18a0">
         <name>_system_post_cinit</name>
         <value>0x0</value>
      </symbol>
      <symbol id="sm-18a1">
         <name>NMI_Handler</name>
         <value>0x18409</value>
      </symbol>
      <symbol id="sm-18a2">
         <name>HardFault_Handler</name>
         <value>0x18409</value>
      </symbol>
      <symbol id="sm-18a3">
         <name>MemManage_Handler</name>
         <value>0x18409</value>
      </symbol>
      <symbol id="sm-18a4">
         <name>BusFault_Handler</name>
         <value>0x18409</value>
      </symbol>
      <symbol id="sm-18a5">
         <name>UsageFault_Handler</name>
         <value>0x18409</value>
      </symbol>
      <symbol id="sm-18a6">
         <name>SVC_Handler</name>
         <value>0x18409</value>
      </symbol>
      <symbol id="sm-18a7">
         <name>DebugMon_Handler</name>
         <value>0x18409</value>
      </symbol>
      <symbol id="sm-18a8">
         <name>PendSV_Handler</name>
         <value>0x18409</value>
      </symbol>
      <symbol id="sm-18a9">
         <name>SysTick_Handler</name>
         <value>0x18409</value>
      </symbol>
      <symbol id="sm-18aa">
         <name>PSS_IRQHandler</name>
         <value>0x18409</value>
      </symbol>
      <symbol id="sm-18ab">
         <name>CS_IRQHandler</name>
         <value>0x18409</value>
      </symbol>
      <symbol id="sm-18ac">
         <name>PCM_IRQHandler</name>
         <value>0x18409</value>
      </symbol>
      <symbol id="sm-18ad">
         <name>WDT_A_IRQHandler</name>
         <value>0x16165</value>
      </symbol>
      <symbol id="sm-18ae">
         <name>FPU_IRQHandler</name>
         <value>0x18409</value>
      </symbol>
      <symbol id="sm-18af">
         <name>FLCTL_IRQHandler</name>
         <value>0x18409</value>
      </symbol>
      <symbol id="sm-18b0">
         <name>COMP_E0_IRQHandler</name>
         <value>0x18409</value>
      </symbol>
      <symbol id="sm-18b1">
         <name>COMP_E1_IRQHandler</name>
         <value>0x18409</value>
      </symbol>
      <symbol id="sm-18b2">
         <name>TA0_0_IRQHandler</name>
         <value>0x16151</value>
      </symbol>
      <symbol id="sm-18b3">
         <name>TA0_N_IRQHandler</name>
         <value>0x18409</value>
      </symbol>
      <symbol id="sm-18b4">
         <name>TA1_0_IRQHandler</name>
         <value>0x1800b</value>
      </symbol>
      <symbol id="sm-18b5">
         <name>TA1_N_IRQHandler</name>
         <value>0x18409</value>
      </symbol>
      <symbol id="sm-18b6">
         <name>TA2_0_IRQHandler</name>
         <value>0x18409</value>
      </symbol>
      <symbol id="sm-18b7">
         <name>TA2_N_IRQHandler</name>
         <value>0x18409</value>
      </symbol>
      <symbol id="sm-18b8">
         <name>TA3_0_IRQHandler</name>
         <value>0x18409</value>
      </symbol>
      <symbol id="sm-18b9">
         <name>TA3_N_IRQHandler</name>
         <value>0x18409</value>
      </symbol>
      <symbol id="sm-18ba">
         <name>EUSCIA0_IRQHandler</name>
         <value>0x18409</value>
      </symbol>
      <symbol id="sm-18bb">
         <name>EUSCIA1_IRQHandler</name>
         <value>0x18409</value>
      </symbol>
      <symbol id="sm-18bc">
         <name>EUSCIA2_IRQHandler</name>
         <value>0x18409</value>
      </symbol>
      <symbol id="sm-18bd">
         <name>EUSCIA3_IRQHandler</name>
         <value>0x18409</value>
      </symbol>
      <symbol id="sm-18be">
         <name>EUSCIB0_IRQHandler</name>
         <value>0x18409</value>
      </symbol>
      <symbol id="sm-18bf">
         <name>EUSCIB1_IRQHandler</name>
         <value>0x1571d</value>
      </symbol>
      <symbol id="sm-18c0">
         <name>EUSCIB2_IRQHandler</name>
         <value>0x18409</value>
      </symbol>
      <symbol id="sm-18c1">
         <name>EUSCIB3_IRQHandler</name>
         <value>0x18409</value>
      </symbol>
      <symbol id="sm-18c2">
         <name>ADC14_IRQHandler</name>
         <value>0x18409</value>
      </symbol>
      <symbol id="sm-18c3">
         <name>T32_INT1_IRQHandler</name>
         <value>0x18409</value>
      </symbol>
      <symbol id="sm-18c4">
         <name>T32_INT2_IRQHandler</name>
         <value>0x18409</value>
      </symbol>
      <symbol id="sm-18c5">
         <name>T32_INTC_IRQHandler</name>
         <value>0x18409</value>
      </symbol>
      <symbol id="sm-18c6">
         <name>AES256_IRQHandler</name>
         <value>0x18409</value>
      </symbol>
      <symbol id="sm-18c7">
         <name>RTC_C_IRQHandler</name>
         <value>0x18409</value>
      </symbol>
      <symbol id="sm-18c8">
         <name>DMA_ERR_IRQHandler</name>
         <value>0x18409</value>
      </symbol>
      <symbol id="sm-18c9">
         <name>DMA_INT3_IRQHandler</name>
         <value>0x18409</value>
      </symbol>
      <symbol id="sm-18ca">
         <name>DMA_INT2_IRQHandler</name>
         <value>0x18409</value>
      </symbol>
      <symbol id="sm-18cb">
         <name>DMA_INT1_IRQHandler</name>
         <value>0x18409</value>
      </symbol>
      <symbol id="sm-18cc">
         <name>DMA_INT0_IRQHandler</name>
         <value>0x18409</value>
      </symbol>
      <symbol id="sm-18cd">
         <name>PORT1_IRQHandler</name>
         <value>0x16167</value>
      </symbol>
      <symbol id="sm-18ce">
         <name>PORT2_IRQHandler</name>
         <value>0x18409</value>
      </symbol>
      <symbol id="sm-18cf">
         <name>PORT3_IRQHandler</name>
         <value>0x18409</value>
      </symbol>
      <symbol id="sm-18d0">
         <name>PORT4_IRQHandler</name>
         <value>0x16c75</value>
      </symbol>
      <symbol id="sm-18d1">
         <name>PORT5_IRQHandler</name>
         <value>0x18409</value>
      </symbol>
      <symbol id="sm-18d2">
         <name>PORT6_IRQHandler</name>
         <value>0x18409</value>
      </symbol>
   </symbol_table>
   <title>Link successful</title>
</link_info>
